// Jest Snapshot v1, https://goo.gl/fbAQLP

exports[`App component rendering renders App without crashing 1`] = `ShallowWrapper {}`;
